// Jest Snapshot v1, https://goo.gl/fbAQLP

exports[`Renders LocalBranches consistently 1`] = `
<div>
  <div
    class="flex flex-col mb-4"
  >
    <h4
      class="sc-bdfBwQ iHCwhp mb-4 text-xxs not-italic font-bold leading-3 tracking-normal text-left"
    >
      LOCAL BRANCHES
    </h4>
    <div
      class="text-xs"
    >
      <span>
        Loading...
      </span>
    </div>
  </div>
</div>
`;
